// Vitest Snapshot v1, https://vitest.dev/guide/snapshot.html

exports[`Melbourne default line route edges > should match the snapshot 1`] = `
"


----------------------------------------------------------------------------------------------------------------------------------------------------------------------------------------
ALAMEIN
----------------------------------------------------------------------------------------------------------------------------------------------------------------------------------------
"The city" -> Richmond                    Flinders Street -> Richmond               BURNLEY.FLINDERS_STREET_DIRECT -> BURNLEY.RICHMOND (0.00 -> 1.00)                                   
                                          Flinders Street -> Southern Cross         BURNLEY.FLINDERS_STREET_LOOP -> BURNLEY.SOUTHERN_CROSS (0.00 -> 1.00)                               
                                          Southern Cross -> Flagstaff               BURNLEY.SOUTHERN_CROSS -> BURNLEY.FLAGSTAFF (0.00 -> 1.00)                                          
                                          Flagstaff -> Melbourne Central            BURNLEY.FLAGSTAFF -> BURNLEY.MELBOURNE_CENTRAL (0.00 -> 1.00)                                       
                                          Melbourne Central -> Parliament           BURNLEY.MELBOURNE_CENTRAL -> BURNLEY.PARLIAMENT (0.00 -> 1.00)                                      
                                          Parliament -> Richmond                    BURNLEY.PARLIAMENT -> BURNLEY.RICHMOND (0.00 -> 1.00)                                               
Richmond -> East Richmond                 Richmond -> East Richmond                 BURNLEY.RICHMOND -> BURNLEY.BURNLEY (0.00 -> 0.50)                                                  
East Richmond -> Burnley                  East Richmond -> Burnley                  BURNLEY.RICHMOND -> BURNLEY.BURNLEY (0.50 -> 1.00)                                                  
Burnley -> Hawthorn                       Burnley -> Hawthorn                       BURNLEY.BURNLEY -> BURNLEY.CAMBERWELL (0.00 -> 0.25)                                                
Hawthorn -> Glenferrie                    Hawthorn -> Glenferrie                    BURNLEY.BURNLEY -> BURNLEY.CAMBERWELL (0.25 -> 0.50)                                                
Glenferrie -> Auburn                      Glenferrie -> Auburn                      BURNLEY.BURNLEY -> BURNLEY.CAMBERWELL (0.50 -> 0.75)                                                
Auburn -> Camberwell                      Auburn -> Camberwell                      BURNLEY.BURNLEY -> BURNLEY.CAMBERWELL (0.75 -> 1.00)                                                
Camberwell -> Riversdale                  Camberwell -> Riversdale                  BURNLEY.CAMBERWELL -> BURNLEY.ALAMEIN (0.00 -> 0.17)                                                
Riversdale -> Willison                    Riversdale -> Willison                    BURNLEY.CAMBERWELL -> BURNLEY.ALAMEIN (0.17 -> 0.33)                                                
Willison -> Hartwell                      Willison -> Hartwell                      BURNLEY.CAMBERWELL -> BURNLEY.ALAMEIN (0.33 -> 0.50)                                                
Hartwell -> Burwood                       Hartwell -> Burwood                       BURNLEY.CAMBERWELL -> BURNLEY.ALAMEIN (0.50 -> 0.67)                                                
Burwood -> Ashburton                      Burwood -> Ashburton                      BURNLEY.CAMBERWELL -> BURNLEY.ALAMEIN (0.67 -> 0.83)                                                
Ashburton -> Alamein                      Ashburton -> Alamein                      BURNLEY.CAMBERWELL -> BURNLEY.ALAMEIN (0.83 -> 1.00)                                                

----------------------------------------------------------------------------------------------------------------------------------------------------------------------------------------
BALLARAT
----------------------------------------------------------------------------------------------------------------------------------------------------------------------------------------
Southern Cross -> Footscray               Southern Cross -> Ardeer                  REGIONAL_WESTERN.SOUTHERN_CROSS -> REGIONAL_WESTERN.NORTH_MELBOURNE_JUNCTION (0.00 -> 1.00)         
                                                                                    REGIONAL_WESTERN.NORTH_MELBOURNE_JUNCTION -> REGIONAL_WESTERN.NORTH_MELBOURNE_RRL (0.00 -> 1.00)    
                                                                                    REGIONAL_WESTERN.NORTH_MELBOURNE_RRL -> REGIONAL_WESTERN.FOOTSCRAY (0.00 -> 1.00)                   
Footscray -> Sunshine                     Southern Cross -> Ardeer                  REGIONAL_WESTERN.FOOTSCRAY -> REGIONAL_WESTERN.SUNSHINE_JUNCTION (0.00 -> 1.00)                     
                                          Footscray -> Ardeer                       REGIONAL_WESTERN.SUNSHINE_JUNCTION -> REGIONAL_WESTERN.SUNSHINE_DEER_PARK (0.00 -> 1.00)            
Sunshine -> Ardeer                        Southern Cross -> Ardeer                  REGIONAL_WESTERN.SUNSHINE_DEER_PARK -> REGIONAL_WESTERN.DEER_PARK (0.00 -> 0.50)                    
                                          Footscray -> Ardeer                                                                                                                           
                                          Sunshine -> Ardeer                                                                                                                            
Ardeer -> Deer Park                       Ardeer -> Deer Park                       REGIONAL_WESTERN.SUNSHINE_DEER_PARK -> REGIONAL_WESTERN.DEER_PARK (0.50 -> 1.00)                    
Deer Park -> Caroline Springs             Deer Park -> Caroline Springs             REGIONAL_WESTERN.DEER_PARK -> REGIONAL_WESTERN.BALLARAT (0.00 -> 0.14)                              
Caroline Springs -> Rockbank              Caroline Springs -> Rockbank              REGIONAL_WESTERN.DEER_PARK -> REGIONAL_WESTERN.BALLARAT (0.14 -> 0.29)                              
Rockbank -> Cobblebank                    Rockbank -> Cobblebank                    REGIONAL_WESTERN.DEER_PARK -> REGIONAL_WESTERN.BALLARAT (0.29 -> 0.43)                              
Cobblebank -> Melton                      Cobblebank -> Melton                      REGIONAL_WESTERN.DEER_PARK -> REGIONAL_WESTERN.BALLARAT (0.43 -> 0.57)                              
Melton -> Bacchus Marsh                   Melton -> Bacchus Marsh                   REGIONAL_WESTERN.DEER_PARK -> REGIONAL_WESTERN.BALLARAT (0.57 -> 0.71)                              
Bacchus Marsh -> Ballan                   Bacchus Marsh -> Ballan                   REGIONAL_WESTERN.DEER_PARK -> REGIONAL_WESTERN.BALLARAT (0.71 -> 0.86)                              
Ballan -> Ballarat                        Ballan -> Ballarat                        REGIONAL_WESTERN.DEER_PARK -> REGIONAL_WESTERN.BALLARAT (0.86 -> 1.00)                              
Ballarat -> Creswick                      Ballarat -> Creswick                      REGIONAL_WESTERN.BALLARAT -> REGIONAL_WESTERN.MARYBOROUGH (0.00 -> 0.25)                            
Creswick -> Clunes                        Creswick -> Clunes                        REGIONAL_WESTERN.BALLARAT -> REGIONAL_WESTERN.MARYBOROUGH (0.25 -> 0.50)                            
Clunes -> Talbot                          Clunes -> Talbot                          REGIONAL_WESTERN.BALLARAT -> REGIONAL_WESTERN.MARYBOROUGH (0.50 -> 0.75)                            
Talbot -> Maryborough                     Talbot -> Maryborough                     REGIONAL_WESTERN.BALLARAT -> REGIONAL_WESTERN.MARYBOROUGH (0.75 -> 1.00)                            
Ballarat -> Wendouree                     Ballarat -> Wendouree                     REGIONAL_WESTERN.BALLARAT -> REGIONAL_WESTERN.ARARAT (0.00 -> 0.33)                                 
Wendouree -> Beaufort                     Wendouree -> Beaufort                     REGIONAL_WESTERN.BALLARAT -> REGIONAL_WESTERN.ARARAT (0.33 -> 0.67)                                 
Beaufort -> Ararat                        Beaufort -> Ararat                        REGIONAL_WESTERN.BALLARAT -> REGIONAL_WESTERN.ARARAT (0.67 -> 1.00)                                 

----------------------------------------------------------------------------------------------------------------------------------------------------------------------------------------
BELGRAVE
----------------------------------------------------------------------------------------------------------------------------------------------------------------------------------------
"The city" -> Richmond                    Flinders Street -> Richmond               BURNLEY.FLINDERS_STREET_DIRECT -> BURNLEY.RICHMOND (0.00 -> 1.00)                                   
                                          Flinders Street -> Southern Cross         BURNLEY.FLINDERS_STREET_LOOP -> BURNLEY.SOUTHERN_CROSS (0.00 -> 1.00)                               
                                          Southern Cross -> Flagstaff               BURNLEY.SOUTHERN_CROSS -> BURNLEY.FLAGSTAFF (0.00 -> 1.00)                                          
                                          Flagstaff -> Melbourne Central            BURNLEY.FLAGSTAFF -> BURNLEY.MELBOURNE_CENTRAL (0.00 -> 1.00)                                       
                                          Melbourne Central -> Parliament           BURNLEY.MELBOURNE_CENTRAL -> BURNLEY.PARLIAMENT (0.00 -> 1.00)                                      
                                          Parliament -> Richmond                    BURNLEY.PARLIAMENT -> BURNLEY.RICHMOND (0.00 -> 1.00)                                               
Richmond -> East Richmond                 Richmond -> East Richmond                 BURNLEY.RICHMOND -> BURNLEY.BURNLEY (0.00 -> 0.50)                                                  
East Richmond -> Burnley                  East Richmond -> Burnley                  BURNLEY.RICHMOND -> BURNLEY.BURNLEY (0.50 -> 1.00)                                                  
Burnley -> Hawthorn                       Burnley -> Hawthorn                       BURNLEY.BURNLEY -> BURNLEY.CAMBERWELL (0.00 -> 0.25)                                                
Hawthorn -> Glenferrie                    Hawthorn -> Glenferrie                    BURNLEY.BURNLEY -> BURNLEY.CAMBERWELL (0.25 -> 0.50)                                                
Glenferrie -> Auburn                      Glenferrie -> Auburn                      BURNLEY.BURNLEY -> BURNLEY.CAMBERWELL (0.50 -> 0.75)                                                
Auburn -> Camberwell                      Auburn -> Camberwell                      BURNLEY.BURNLEY -> BURNLEY.CAMBERWELL (0.75 -> 1.00)                                                
Camberwell -> East Camberwell             Camberwell -> East Camberwell             BURNLEY.CAMBERWELL -> BURNLEY.RINGWOOD (0.00 -> 0.09)                                               
East Camberwell -> Canterbury             East Camberwell -> Canterbury             BURNLEY.CAMBERWELL -> BURNLEY.RINGWOOD (0.09 -> 0.18)                                               
Canterbury -> Chatham                     Canterbury -> Chatham                     BURNLEY.CAMBERWELL -> BURNLEY.RINGWOOD (0.18 -> 0.27)                                               
Chatham -> Union                          Chatham -> Union                          BURNLEY.CAMBERWELL -> BURNLEY.RINGWOOD (0.27 -> 0.36)                                               
Union -> Box Hill                         Union -> Box Hill                         BURNLEY.CAMBERWELL -> BURNLEY.RINGWOOD (0.36 -> 0.45)                                               
Box Hill -> Laburnum                      Box Hill -> Laburnum                      BURNLEY.CAMBERWELL -> BURNLEY.RINGWOOD (0.45 -> 0.55)                                               
Laburnum -> Blackburn                     Laburnum -> Blackburn                     BURNLEY.CAMBERWELL -> BURNLEY.RINGWOOD (0.55 -> 0.64)                                               
Blackburn -> Nunawading                   Blackburn -> Nunawading                   BURNLEY.CAMBERWELL -> BURNLEY.RINGWOOD (0.64 -> 0.73)                                               
Nunawading -> Mitcham                     Nunawading -> Mitcham                     BURNLEY.CAMBERWELL -> BURNLEY.RINGWOOD (0.73 -> 0.82)                                               
Mitcham -> Heatherdale                    Mitcham -> Heatherdale                    BURNLEY.CAMBERWELL -> BURNLEY.RINGWOOD (0.82 -> 0.91)                                               
Heatherdale -> Ringwood                   Heatherdale -> Ringwood                   BURNLEY.CAMBERWELL -> BURNLEY.RINGWOOD (0.91 -> 1.00)                                               
Ringwood -> Heathmont                     Ringwood -> Heathmont                     BURNLEY.RINGWOOD -> BURNLEY.BELGRAVE (0.00 -> 0.13)                                                 
Heathmont -> Bayswater                    Heathmont -> Bayswater                    BURNLEY.RINGWOOD -> BURNLEY.BELGRAVE (0.13 -> 0.25)                                                 
Bayswater -> Boronia                      Bayswater -> Boronia                      BURNLEY.RINGWOOD -> BURNLEY.BELGRAVE (0.25 -> 0.38)                                                 
Boronia -> Ferntree Gully                 Boronia -> Ferntree Gully                 BURNLEY.RINGWOOD -> BURNLEY.BELGRAVE (0.38 -> 0.50)                                                 
Ferntree Gully -> Upper Ferntree Gully    Ferntree Gully -> Upper Ferntree Gully    BURNLEY.RINGWOOD -> BURNLEY.BELGRAVE (0.50 -> 0.63)                                                 
Upper Ferntree Gully -> Upwey             Upper Ferntree Gully -> Upwey             BURNLEY.RINGWOOD -> BURNLEY.BELGRAVE (0.63 -> 0.75)                                                 
Upwey -> Tecoma                           Upwey -> Tecoma                           BURNLEY.RINGWOOD -> BURNLEY.BELGRAVE (0.75 -> 0.88)                                                 
Tecoma -> Belgrave                        Tecoma -> Belgrave                        BURNLEY.RINGWOOD -> BURNLEY.BELGRAVE (0.88 -> 1.00)                                                 

----------------------------------------------------------------------------------------------------------------------------------------------------------------------------------------
BENDIGO
----------------------------------------------------------------------------------------------------------------------------------------------------------------------------------------
Southern Cross -> Footscray               Southern Cross -> Sunbury                 REGIONAL_WESTERN.SOUTHERN_CROSS -> REGIONAL_WESTERN.NORTH_MELBOURNE_JUNCTION (0.00 -> 1.00)         
                                                                                    REGIONAL_WESTERN.NORTH_MELBOURNE_JUNCTION -> REGIONAL_WESTERN.NORTH_MELBOURNE_RRL (0.00 -> 1.00)    
                                                                                    REGIONAL_WESTERN.NORTH_MELBOURNE_RRL -> REGIONAL_WESTERN.FOOTSCRAY (0.00 -> 1.00)                   
Footscray -> Watergardens                 Southern Cross -> Sunbury                 REGIONAL_WESTERN.FOOTSCRAY -> REGIONAL_WESTERN.SUNSHINE_JUNCTION (0.00 -> 1.00)                     
                                          Footscray -> Sunbury                      REGIONAL_WESTERN.SUNSHINE_JUNCTION -> REGIONAL_WESTERN.SUNSHINE_BENDIGO (0.00 -> 1.00)              
                                                                                    REGIONAL_WESTERN.SUNSHINE_BENDIGO -> REGIONAL_WESTERN.WATERGARDENS (0.00 -> 1.00)                   
Watergardens -> Sunbury                   Southern Cross -> Sunbury                 REGIONAL_WESTERN.WATERGARDENS -> REGIONAL_WESTERN.SUNBURY (0.00 -> 1.00)                            
                                          Footscray -> Sunbury                                                                                                                          
                                          Watergardens -> Sunbury                                                                                                                       
Sunbury -> Clarkefield                    Sunbury -> Clarkefield                    REGIONAL_WESTERN.SUNBURY -> REGIONAL_WESTERN.BENDIGO (0.00 -> 0.10)                                 
Clarkefield -> Riddells Creek             Clarkefield -> Riddells Creek             REGIONAL_WESTERN.SUNBURY -> REGIONAL_WESTERN.BENDIGO (0.10 -> 0.20)                                 
Riddells Creek -> Gisborne                Riddells Creek -> Gisborne                REGIONAL_WESTERN.SUNBURY -> REGIONAL_WESTERN.BENDIGO (0.20 -> 0.30)                                 
Gisborne -> Macedon                       Gisborne -> Macedon                       REGIONAL_WESTERN.SUNBURY -> REGIONAL_WESTERN.BENDIGO (0.30 -> 0.40)                                 
Macedon -> Woodend                        Macedon -> Woodend                        REGIONAL_WESTERN.SUNBURY -> REGIONAL_WESTERN.BENDIGO (0.40 -> 0.50)                                 
Woodend -> Kyneton                        Woodend -> Kyneton                        REGIONAL_WESTERN.SUNBURY -> REGIONAL_WESTERN.BENDIGO (0.50 -> 0.60)                                 
Kyneton -> Malmsbury                      Kyneton -> Malmsbury                      REGIONAL_WESTERN.SUNBURY -> REGIONAL_WESTERN.BENDIGO (0.60 -> 0.70)                                 
Malmsbury -> Castlemaine                  Malmsbury -> Castlemaine                  REGIONAL_WESTERN.SUNBURY -> REGIONAL_WESTERN.BENDIGO (0.70 -> 0.80)                                 
Castlemaine -> Kangaroo Flat              Castlemaine -> Kangaroo Flat              REGIONAL_WESTERN.SUNBURY -> REGIONAL_WESTERN.BENDIGO (0.80 -> 0.90)                                 
Kangaroo Flat -> Bendigo                  Kangaroo Flat -> Bendigo                  REGIONAL_WESTERN.SUNBURY -> REGIONAL_WESTERN.BENDIGO (0.90 -> 1.00)                                 
Bendigo -> Epsom                          Bendigo -> Epsom                          REGIONAL_WESTERN.BENDIGO -> REGIONAL_WESTERN.ECHUCA (0.00 -> 0.17)                                  
Epsom -> Huntly                           Epsom -> Huntly                           REGIONAL_WESTERN.BENDIGO -> REGIONAL_WESTERN.ECHUCA (0.17 -> 0.33)                                  
Huntly -> Goornong                        Huntly -> Goornong                        REGIONAL_WESTERN.BENDIGO -> REGIONAL_WESTERN.ECHUCA (0.33 -> 0.50)                                  
Goornong -> Elmore                        Goornong -> Elmore                        REGIONAL_WESTERN.BENDIGO -> REGIONAL_WESTERN.ECHUCA (0.50 -> 0.67)                                  
Elmore -> Rochester                       Elmore -> Rochester                       REGIONAL_WESTERN.BENDIGO -> REGIONAL_WESTERN.ECHUCA (0.67 -> 0.83)                                  
Rochester -> Echuca                       Rochester -> Echuca                       REGIONAL_WESTERN.BENDIGO -> REGIONAL_WESTERN.ECHUCA (0.83 -> 1.00)                                  
Bendigo -> Eaglehawk                      Bendigo -> Eaglehawk                      REGIONAL_WESTERN.BENDIGO -> REGIONAL_WESTERN.SWAN_HILL (0.00 -> 0.17)                               
Eaglehawk -> Raywood                      Eaglehawk -> Raywood                      REGIONAL_WESTERN.BENDIGO -> REGIONAL_WESTERN.SWAN_HILL (0.17 -> 0.33)                               
Raywood -> Dingee                         Raywood -> Dingee                         REGIONAL_WESTERN.BENDIGO -> REGIONAL_WESTERN.SWAN_HILL (0.33 -> 0.50)                               
Dingee -> Pyramid                         Dingee -> Pyramid                         REGIONAL_WESTERN.BENDIGO -> REGIONAL_WESTERN.SWAN_HILL (0.50 -> 0.67)                               
Pyramid -> Kerang                         Pyramid -> Kerang                         REGIONAL_WESTERN.BENDIGO -> REGIONAL_WESTERN.SWAN_HILL (0.67 -> 0.83)                               
Kerang -> Swan Hill                       Kerang -> Swan Hill                       REGIONAL_WESTERN.BENDIGO -> REGIONAL_WESTERN.SWAN_HILL (0.83 -> 1.00)                               

----------------------------------------------------------------------------------------------------------------------------------------------------------------------------------------
CRAIGIEBURN
----------------------------------------------------------------------------------------------------------------------------------------------------------------------------------------
"The city" -> North Melbourne             Flinders Street -> Southern Cross         NORTHERN.FLINDERS_STREET_DIRECT -> NORTHERN.SOUTHERN_CROSS (0.00 -> 1.00)                           
                                          Southern Cross -> North Melbourne         NORTHERN.SOUTHERN_CROSS -> NORTHERN.NORTH_MELBOURNE (0.00 -> 1.00)                                  
                                          Flinders Street -> Parliament             NORTHERN.FLAGSTAFF -> NORTHERN.NORTH_MELBOURNE (0.00 -> 1.00)                                       
                                          Parliament -> Melbourne Central           NORTHERN.MELBOURNE_CENTRAL -> NORTHERN.FLAGSTAFF (0.00 -> 1.00)                                     
                                          Melbourne Central -> Flagstaff            NORTHERN.PARLIAMENT -> NORTHERN.MELBOURNE_CENTRAL (0.00 -> 1.00)                                    
                                          Flagstaff -> North Melbourne              NORTHERN.FLINDERS_STREET_LOOP -> NORTHERN.PARLIAMENT (0.00 -> 1.00)                                 
North Melbourne -> Kensington             North Melbourne -> Kensington             NORTHERN.NORTH_MELBOURNE -> NORTHERN.BROADMEADOWS (0.00 -> 0.08)                                    
Kensington -> Newmarket                   Kensington -> Newmarket                   NORTHERN.NORTH_MELBOURNE -> NORTHERN.BROADMEADOWS (0.08 -> 0.17)                                    
Newmarket -> Ascot Vale                   Newmarket -> Ascot Vale                   NORTHERN.NORTH_MELBOURNE -> NORTHERN.BROADMEADOWS (0.17 -> 0.25)                                    
Ascot Vale -> Moonee Ponds                Ascot Vale -> Moonee Ponds                NORTHERN.NORTH_MELBOURNE -> NORTHERN.BROADMEADOWS (0.25 -> 0.33)                                    
Moonee Ponds -> Essendon                  Moonee Ponds -> Essendon                  NORTHERN.NORTH_MELBOURNE -> NORTHERN.BROADMEADOWS (0.33 -> 0.42)                                    
Essendon -> Glenbervie                    Essendon -> Glenbervie                    NORTHERN.NORTH_MELBOURNE -> NORTHERN.BROADMEADOWS (0.42 -> 0.50)                                    
Glenbervie -> Strathmore                  Glenbervie -> Strathmore                  NORTHERN.NORTH_MELBOURNE -> NORTHERN.BROADMEADOWS (0.50 -> 0.58)                                    
Strathmore -> Pascoe Vale                 Strathmore -> Pascoe Vale                 NORTHERN.NORTH_MELBOURNE -> NORTHERN.BROADMEADOWS (0.58 -> 0.67)                                    
Pascoe Vale -> Oak Park                   Pascoe Vale -> Oak Park                   NORTHERN.NORTH_MELBOURNE -> NORTHERN.BROADMEADOWS (0.67 -> 0.75)                                    
Oak Park -> Glenroy                       Oak Park -> Glenroy                       NORTHERN.NORTH_MELBOURNE -> NORTHERN.BROADMEADOWS (0.75 -> 0.83)                                    
Glenroy -> Jacana                         Glenroy -> Jacana                         NORTHERN.NORTH_MELBOURNE -> NORTHERN.BROADMEADOWS (0.83 -> 0.92)                                    
Jacana -> Broadmeadows                    Jacana -> Broadmeadows                    NORTHERN.NORTH_MELBOURNE -> NORTHERN.BROADMEADOWS (0.92 -> 1.00)                                    
Broadmeadows -> Coolaroo                  Broadmeadows -> Coolaroo                  NORTHERN.BROADMEADOWS -> NORTHERN.CRAIGIEBURN (0.00 -> 0.33)                                        
Coolaroo -> Roxburgh Park                 Coolaroo -> Roxburgh Park                 NORTHERN.BROADMEADOWS -> NORTHERN.CRAIGIEBURN (0.33 -> 0.67)                                        
Roxburgh Park -> Craigieburn              Roxburgh Park -> Craigieburn              NORTHERN.BROADMEADOWS -> NORTHERN.CRAIGIEBURN (0.67 -> 1.00)                                        

----------------------------------------------------------------------------------------------------------------------------------------------------------------------------------------
CRANBOURNE
----------------------------------------------------------------------------------------------------------------------------------------------------------------------------------------
"The city" -> Richmond                    Flinders Street -> Richmond               DANDENONG.FLINDERS_STREET_DIRECT -> DANDENONG.RICHMOND (0.00 -> 1.00)                               
                                          Flinders Street -> Southern Cross         DANDENONG.FLINDERS_STREET_LOOP -> DANDENONG.SOUTHERN_CROSS (0.00 -> 1.00)                           
                                          Southern Cross -> Flagstaff               DANDENONG.SOUTHERN_CROSS -> DANDENONG.FLAGSTAFF (0.00 -> 1.00)                                      
                                          Flagstaff -> Melbourne Central            DANDENONG.FLAGSTAFF -> DANDENONG.MELBOURNE_CENTRAL (0.00 -> 1.00)                                   
                                          Melbourne Central -> Parliament           DANDENONG.MELBOURNE_CENTRAL -> DANDENONG.PARLIAMENT (0.00 -> 1.00)                                  
                                          Parliament -> Richmond                    DANDENONG.PARLIAMENT -> DANDENONG.RICHMOND (0.00 -> 1.00)                                           
Richmond -> South Yarra                   Richmond -> South Yarra                   DANDENONG.RICHMOND -> DANDENONG.SOUTH_YARRA (0.00 -> 1.00)                                          
South Yarra -> Caulfield                  South Yarra -> Caulfield                  DANDENONG.SOUTH_YARRA -> DANDENONG.CAULFIELD (0.00 -> 1.00)                                         
Caulfield -> Carnegie                     Caulfield -> Carnegie                     DANDENONG.CAULFIELD -> DANDENONG.CLAYTON (0.00 -> 0.17)                                             
Carnegie -> Murrumbeena                   Carnegie -> Murrumbeena                   DANDENONG.CAULFIELD -> DANDENONG.CLAYTON (0.17 -> 0.33)                                             
Murrumbeena -> Hughesdale                 Murrumbeena -> Hughesdale                 DANDENONG.CAULFIELD -> DANDENONG.CLAYTON (0.33 -> 0.50)                                             
Hughesdale -> Oakleigh                    Hughesdale -> Oakleigh                    DANDENONG.CAULFIELD -> DANDENONG.CLAYTON (0.50 -> 0.67)                                             
Oakleigh -> Huntingdale                   Oakleigh -> Huntingdale                   DANDENONG.CAULFIELD -> DANDENONG.CLAYTON (0.67 -> 0.83)                                             
Huntingdale -> Clayton                    Huntingdale -> Clayton                    DANDENONG.CAULFIELD -> DANDENONG.CLAYTON (0.83 -> 1.00)                                             
Clayton -> Westall                        Clayton -> Westall                        DANDENONG.CLAYTON -> DANDENONG.DANDENONG (0.00 -> 0.17)                                             
Westall -> Springvale                     Westall -> Springvale                     DANDENONG.CLAYTON -> DANDENONG.DANDENONG (0.17 -> 0.33)                                             
Springvale -> Sandown Park                Springvale -> Sandown Park                DANDENONG.CLAYTON -> DANDENONG.DANDENONG (0.33 -> 0.50)                                             
Sandown Park -> Noble Park                Sandown Park -> Noble Park                DANDENONG.CLAYTON -> DANDENONG.DANDENONG (0.50 -> 0.67)                                             
Noble Park -> Yarraman                    Noble Park -> Yarraman                    DANDENONG.CLAYTON -> DANDENONG.DANDENONG (0.67 -> 0.83)                                             
Yarraman -> Dandenong                     Yarraman -> Dandenong                     DANDENONG.CLAYTON -> DANDENONG.DANDENONG (0.83 -> 1.00)                                             
Dandenong -> Lynbrook                     Dandenong -> Lynbrook                     DANDENONG.DANDENONG -> DANDENONG.CRANBOURNE (0.00 -> 0.33)                                          
Lynbrook -> Merinda Park                  Lynbrook -> Merinda Park                  DANDENONG.DANDENONG -> DANDENONG.CRANBOURNE (0.33 -> 0.67)                                          
Merinda Park -> Cranbourne                Merinda Park -> Cranbourne                DANDENONG.DANDENONG -> DANDENONG.CRANBOURNE (0.67 -> 1.00)                                          

----------------------------------------------------------------------------------------------------------------------------------------------------------------------------------------
FLEMINGTON RACECOURSE
----------------------------------------------------------------------------------------------------------------------------------------------------------------------------------------
Flinders Street -> Southern Cross         Flinders Street -> Southern Cross                                                                                                             
Southern Cross -> North Melbourne         Southern Cross -> North Melbourne                                                                                                             
North Melbourne -> Showgrounds            North Melbourne -> Showgrounds                                                                                                                
Showgrounds -> Flemington Racecourse      Showgrounds -> Flemington Racecourse                                                                                                          

----------------------------------------------------------------------------------------------------------------------------------------------------------------------------------------
FRANKSTON
----------------------------------------------------------------------------------------------------------------------------------------------------------------------------------------
Flinders Street -> Richmond               Flinders Street -> Richmond               FRANKSTON.FLINDERS_STREET -> FRANKSTON.RICHMOND (0.00 -> 1.00)                                      
Richmond -> South Yarra                   Richmond -> South Yarra                   FRANKSTON.RICHMOND -> FRANKSTON.SOUTH_YARRA (0.00 -> 1.00)                                          
South Yarra -> Hawksburn                  South Yarra -> Hawksburn                  FRANKSTON.SOUTH_YARRA -> FRANKSTON.CAULFIELD (0.00 -> 0.20)                                         
Hawksburn -> Toorak                       Hawksburn -> Toorak                       FRANKSTON.SOUTH_YARRA -> FRANKSTON.CAULFIELD (0.20 -> 0.40)                                         
Toorak -> Armadale                        Toorak -> Armadale                        FRANKSTON.SOUTH_YARRA -> FRANKSTON.CAULFIELD (0.40 -> 0.60)                                         
Armadale -> Malvern                       Armadale -> Malvern                       FRANKSTON.SOUTH_YARRA -> FRANKSTON.CAULFIELD (0.60 -> 0.80)                                         
Malvern -> Caulfield                      Malvern -> Caulfield                      FRANKSTON.SOUTH_YARRA -> FRANKSTON.CAULFIELD (0.80 -> 1.00)                                         
Caulfield -> Glen Huntly                  Caulfield -> Glen Huntly                  FRANKSTON.CAULFIELD -> FRANKSTON.FRANKSTON (0.00 -> 0.05)                                           
Glen Huntly -> Ormond                     Glen Huntly -> Ormond                     FRANKSTON.CAULFIELD -> FRANKSTON.FRANKSTON (0.05 -> 0.10)                                           
Ormond -> McKinnon                        Ormond -> McKinnon                        FRANKSTON.CAULFIELD -> FRANKSTON.FRANKSTON (0.10 -> 0.15)                                           
McKinnon -> Bentleigh                     McKinnon -> Bentleigh                     FRANKSTON.CAULFIELD -> FRANKSTON.FRANKSTON (0.15 -> 0.20)                                           
Bentleigh -> Patterson                    Bentleigh -> Patterson                    FRANKSTON.CAULFIELD -> FRANKSTON.FRANKSTON (0.20 -> 0.25)                                           
Patterson -> Moorabbin                    Patterson -> Moorabbin                    FRANKSTON.CAULFIELD -> FRANKSTON.FRANKSTON (0.25 -> 0.30)                                           
Moorabbin -> Highett                      Moorabbin -> Highett                      FRANKSTON.CAULFIELD -> FRANKSTON.FRANKSTON (0.30 -> 0.35)                                           
Highett -> Southland                      Highett -> Southland                      FRANKSTON.CAULFIELD -> FRANKSTON.FRANKSTON (0.35 -> 0.40)                                           
Southland -> Cheltenham                   Southland -> Cheltenham                   FRANKSTON.CAULFIELD -> FRANKSTON.FRANKSTON (0.40 -> 0.45)                                           
Cheltenham -> Mentone                     Cheltenham -> Mentone                     FRANKSTON.CAULFIELD -> FRANKSTON.FRANKSTON (0.45 -> 0.50)                                           
Mentone -> Parkdale                       Mentone -> Parkdale                       FRANKSTON.CAULFIELD -> FRANKSTON.FRANKSTON (0.50 -> 0.55)                                           
Parkdale -> Mordialloc                    Parkdale -> Mordialloc                    FRANKSTON.CAULFIELD -> FRANKSTON.FRANKSTON (0.55 -> 0.60)                                           
Mordialloc -> Aspendale                   Mordialloc -> Aspendale                   FRANKSTON.CAULFIELD -> FRANKSTON.FRANKSTON (0.60 -> 0.65)                                           
Aspendale -> Edithvale                    Aspendale -> Edithvale                    FRANKSTON.CAULFIELD -> FRANKSTON.FRANKSTON (0.65 -> 0.70)                                           
Edithvale -> Chelsea                      Edithvale -> Chelsea                      FRANKSTON.CAULFIELD -> FRANKSTON.FRANKSTON (0.70 -> 0.75)                                           
Chelsea -> Bonbeach                       Chelsea -> Bonbeach                       FRANKSTON.CAULFIELD -> FRANKSTON.FRANKSTON (0.75 -> 0.80)                                           
Bonbeach -> Carrum                        Bonbeach -> Carrum                        FRANKSTON.CAULFIELD -> FRANKSTON.FRANKSTON (0.80 -> 0.85)                                           
Carrum -> Seaford                         Carrum -> Seaford                         FRANKSTON.CAULFIELD -> FRANKSTON.FRANKSTON (0.85 -> 0.90)                                           
Seaford -> Kananook                       Seaford -> Kananook                       FRANKSTON.CAULFIELD -> FRANKSTON.FRANKSTON (0.90 -> 0.95)                                           
Kananook -> Frankston                     Kananook -> Frankston                     FRANKSTON.CAULFIELD -> FRANKSTON.FRANKSTON (0.95 -> 1.00)                                           

----------------------------------------------------------------------------------------------------------------------------------------------------------------------------------------
GEELONG
----------------------------------------------------------------------------------------------------------------------------------------------------------------------------------------
Southern Cross -> Footscray               Southern Cross -> Deer Park               REGIONAL_WESTERN.SOUTHERN_CROSS -> REGIONAL_WESTERN.NORTH_MELBOURNE_JUNCTION (0.00 -> 1.00)         
                                                                                    REGIONAL_WESTERN.NORTH_MELBOURNE_JUNCTION -> REGIONAL_WESTERN.NORTH_MELBOURNE_RRL (0.00 -> 1.00)    
                                                                                    REGIONAL_WESTERN.NORTH_MELBOURNE_RRL -> REGIONAL_WESTERN.FOOTSCRAY (0.00 -> 1.00)                   
Footscray -> Sunshine                     Southern Cross -> Deer Park               REGIONAL_WESTERN.FOOTSCRAY -> REGIONAL_WESTERN.SUNSHINE_JUNCTION (0.00 -> 1.00)                     
                                          Footscray -> Deer Park                    REGIONAL_WESTERN.SUNSHINE_JUNCTION -> REGIONAL_WESTERN.SUNSHINE_DEER_PARK (0.00 -> 1.00)            
Sunshine -> Deer Park                     Southern Cross -> Deer Park               REGIONAL_WESTERN.SUNSHINE_DEER_PARK -> REGIONAL_WESTERN.DEER_PARK (0.00 -> 1.00)                    
                                          Footscray -> Deer Park                                                                                                                        
                                          Sunshine -> Deer Park                                                                                                                         
Deer Park -> Tarneit                      Deer Park -> Tarneit                      REGIONAL_WESTERN.DEER_PARK -> REGIONAL_WESTERN.WARRNAMBOOL (0.00 -> 0.06)                           
Tarneit -> Wyndham Vale                   Tarneit -> Wyndham Vale                   REGIONAL_WESTERN.DEER_PARK -> REGIONAL_WESTERN.WARRNAMBOOL (0.06 -> 0.11)                           
Wyndham Vale -> Little River              Wyndham Vale -> Little River              REGIONAL_WESTERN.DEER_PARK -> REGIONAL_WESTERN.WARRNAMBOOL (0.11 -> 0.17)                           
Little River -> Lara                      Little River -> Lara                      REGIONAL_WESTERN.DEER_PARK -> REGIONAL_WESTERN.WARRNAMBOOL (0.17 -> 0.22)                           
Lara -> Corio                             Lara -> Corio                             REGIONAL_WESTERN.DEER_PARK -> REGIONAL_WESTERN.WARRNAMBOOL (0.22 -> 0.28)                           
Corio -> North Shore                      Corio -> North Shore                      REGIONAL_WESTERN.DEER_PARK -> REGIONAL_WESTERN.WARRNAMBOOL (0.28 -> 0.33)                           
North Shore -> North Geelong              North Shore -> North Geelong              REGIONAL_WESTERN.DEER_PARK -> REGIONAL_WESTERN.WARRNAMBOOL (0.33 -> 0.39)                           
North Geelong -> Geelong                  North Geelong -> Geelong                  REGIONAL_WESTERN.DEER_PARK -> REGIONAL_WESTERN.WARRNAMBOOL (0.39 -> 0.44)                           
Geelong -> South Geelong                  Geelong -> South Geelong                  REGIONAL_WESTERN.DEER_PARK -> REGIONAL_WESTERN.WARRNAMBOOL (0.44 -> 0.50)                           
South Geelong -> Marshall                 South Geelong -> Marshall                 REGIONAL_WESTERN.DEER_PARK -> REGIONAL_WESTERN.WARRNAMBOOL (0.50 -> 0.56)                           
Marshall -> Waurn Ponds                   Marshall -> Waurn Ponds                   REGIONAL_WESTERN.DEER_PARK -> REGIONAL_WESTERN.WARRNAMBOOL (0.56 -> 0.61)                           
Waurn Ponds -> Winchelsea                 Waurn Ponds -> Winchelsea                 REGIONAL_WESTERN.DEER_PARK -> REGIONAL_WESTERN.WARRNAMBOOL (0.61 -> 0.67)                           
Winchelsea -> Birregurra                  Winchelsea -> Birregurra                  REGIONAL_WESTERN.DEER_PARK -> REGIONAL_WESTERN.WARRNAMBOOL (0.67 -> 0.72)                           
Birregurra -> Colac                       Birregurra -> Colac                       REGIONAL_WESTERN.DEER_PARK -> REGIONAL_WESTERN.WARRNAMBOOL (0.72 -> 0.78)                           
Colac -> Camperdown                       Colac -> Camperdown                       REGIONAL_WESTERN.DEER_PARK -> REGIONAL_WESTERN.WARRNAMBOOL (0.78 -> 0.83)                           
Camperdown -> Terang                      Camperdown -> Terang                      REGIONAL_WESTERN.DEER_PARK -> REGIONAL_WESTERN.WARRNAMBOOL (0.83 -> 0.89)                           
Terang -> Sherwood Park                   Terang -> Sherwood Park                   REGIONAL_WESTERN.DEER_PARK -> REGIONAL_WESTERN.WARRNAMBOOL (0.89 -> 0.94)                           
Sherwood Park -> Warrnambool              Sherwood Park -> Warrnambool              REGIONAL_WESTERN.DEER_PARK -> REGIONAL_WESTERN.WARRNAMBOOL (0.94 -> 1.00)                           

----------------------------------------------------------------------------------------------------------------------------------------------------------------------------------------
GIPPSLAND
----------------------------------------------------------------------------------------------------------------------------------------------------------------------------------------
Southern Cross -> Flinders Street         Southern Cross -> Pakenham                GIPPSLAND.SOUTHERN_CROSS -> GIPPSLAND.FLINDERS_STREET (0.00 -> 1.00)                                
Flinders Street -> Richmond               Southern Cross -> Pakenham                GIPPSLAND.FLINDERS_STREET -> GIPPSLAND.RICHMOND (0.00 -> 1.00)                                      
                                          Flinders Street -> Pakenham                                                                                                                   
Richmond -> Caulfield                     Southern Cross -> Pakenham                GIPPSLAND.RICHMOND -> GIPPSLAND.SOUTH_YARRA (0.00 -> 1.00)                                          
                                          Flinders Street -> Pakenham               GIPPSLAND.SOUTH_YARRA -> GIPPSLAND.CAULFIELD (0.00 -> 1.00)                                         
                                          Richmond -> Pakenham                                                                                                                          
Caulfield -> Clayton                      Southern Cross -> Pakenham                GIPPSLAND.CAULFIELD -> GIPPSLAND.CLAYTON (0.00 -> 1.00)                                             
                                          Flinders Street -> Pakenham                                                                                                                   
                                          Richmond -> Pakenham                                                                                                                          
                                          Caulfield -> Pakenham                                                                                                                         
Clayton -> Dandenong                      Southern Cross -> Pakenham                GIPPSLAND.CLAYTON -> GIPPSLAND.DANDENONG (0.00 -> 1.00)                                             
                                          Flinders Street -> Pakenham                                                                                                                   
                                          Richmond -> Pakenham                                                                                                                          
                                          Caulfield -> Pakenham                                                                                                                         
                                          Clayton -> Pakenham                                                                                                                           
Dandenong -> Pakenham                     Southern Cross -> Pakenham                GIPPSLAND.DANDENONG -> GIPPSLAND.PAKENHAM (0.00 -> 1.00)                                            
                                          Flinders Street -> Pakenham                                                                                                                   
                                          Richmond -> Pakenham                                                                                                                          
                                          Caulfield -> Pakenham                                                                                                                         
                                          Clayton -> Pakenham                                                                                                                           
                                          Dandenong -> Pakenham                                                                                                                         
Pakenham -> Nar Nar Goon                  Pakenham -> Nar Nar Goon                  GIPPSLAND.PAKENHAM -> GIPPSLAND.EAST_PAKENHAM (0.00 -> 1.00)                                        
                                                                                    GIPPSLAND.EAST_PAKENHAM -> GIPPSLAND.BAIRNSDALE (0.00 -> 0.06)                                      
Nar Nar Goon -> Tynong                    Nar Nar Goon -> Tynong                    GIPPSLAND.EAST_PAKENHAM -> GIPPSLAND.BAIRNSDALE (0.06 -> 0.13)                                      
Tynong -> Garfield                        Tynong -> Garfield                        GIPPSLAND.EAST_PAKENHAM -> GIPPSLAND.BAIRNSDALE (0.13 -> 0.19)                                      
Garfield -> Bunyip                        Garfield -> Bunyip                        GIPPSLAND.EAST_PAKENHAM -> GIPPSLAND.BAIRNSDALE (0.19 -> 0.25)                                      
Bunyip -> Longwarry                       Bunyip -> Longwarry                       GIPPSLAND.EAST_PAKENHAM -> GIPPSLAND.BAIRNSDALE (0.25 -> 0.31)                                      
Longwarry -> Drouin                       Longwarry -> Drouin                       GIPPSLAND.EAST_PAKENHAM -> GIPPSLAND.BAIRNSDALE (0.31 -> 0.38)                                      
Drouin -> Warragul                        Drouin -> Warragul                        GIPPSLAND.EAST_PAKENHAM -> GIPPSLAND.BAIRNSDALE (0.38 -> 0.44)                                      
Warragul -> Yarragon                      Warragul -> Yarragon                      GIPPSLAND.EAST_PAKENHAM -> GIPPSLAND.BAIRNSDALE (0.44 -> 0.50)                                      
Yarragon -> Trafalgar                     Yarragon -> Trafalgar                     GIPPSLAND.EAST_PAKENHAM -> GIPPSLAND.BAIRNSDALE (0.50 -> 0.56)                                      
Trafalgar -> Moe                          Trafalgar -> Moe                          GIPPSLAND.EAST_PAKENHAM -> GIPPSLAND.BAIRNSDALE (0.56 -> 0.63)                                      
Moe -> Morwell                            Moe -> Morwell                            GIPPSLAND.EAST_PAKENHAM -> GIPPSLAND.BAIRNSDALE (0.63 -> 0.69)                                      
Morwell -> Traralgon                      Morwell -> Traralgon                      GIPPSLAND.EAST_PAKENHAM -> GIPPSLAND.BAIRNSDALE (0.69 -> 0.75)                                      
Traralgon -> Rosedale                     Traralgon -> Rosedale                     GIPPSLAND.EAST_PAKENHAM -> GIPPSLAND.BAIRNSDALE (0.75 -> 0.81)                                      
Rosedale -> Sale                          Rosedale -> Sale                          GIPPSLAND.EAST_PAKENHAM -> GIPPSLAND.BAIRNSDALE (0.81 -> 0.88)                                      
Sale -> Stratford                         Sale -> Stratford                         GIPPSLAND.EAST_PAKENHAM -> GIPPSLAND.BAIRNSDALE (0.88 -> 0.94)                                      
Stratford -> Bairnsdale                   Stratford -> Bairnsdale                   GIPPSLAND.EAST_PAKENHAM -> GIPPSLAND.BAIRNSDALE (0.94 -> 1.00)                                      

----------------------------------------------------------------------------------------------------------------------------------------------------------------------------------------
GLEN WAVERLEY
----------------------------------------------------------------------------------------------------------------------------------------------------------------------------------------
"The city" -> Richmond                    Flinders Street -> Richmond               BURNLEY.FLINDERS_STREET_DIRECT -> BURNLEY.RICHMOND (0.00 -> 1.00)                                   
                                          Flinders Street -> Southern Cross         BURNLEY.FLINDERS_STREET_LOOP -> BURNLEY.SOUTHERN_CROSS (0.00 -> 1.00)                               
                                          Southern Cross -> Flagstaff               BURNLEY.SOUTHERN_CROSS -> BURNLEY.FLAGSTAFF (0.00 -> 1.00)                                          
                                          Flagstaff -> Melbourne Central            BURNLEY.FLAGSTAFF -> BURNLEY.MELBOURNE_CENTRAL (0.00 -> 1.00)                                       
                                          Melbourne Central -> Parliament           BURNLEY.MELBOURNE_CENTRAL -> BURNLEY.PARLIAMENT (0.00 -> 1.00)                                      
                                          Parliament -> Richmond                    BURNLEY.PARLIAMENT -> BURNLEY.RICHMOND (0.00 -> 1.00)                                               
Richmond -> East Richmond                 Richmond -> East Richmond                 BURNLEY.RICHMOND -> BURNLEY.BURNLEY (0.00 -> 0.50)                                                  
East Richmond -> Burnley                  East Richmond -> Burnley                  BURNLEY.RICHMOND -> BURNLEY.BURNLEY (0.50 -> 1.00)                                                  
Burnley -> Heyington                      Burnley -> Heyington                      BURNLEY.BURNLEY -> BURNLEY.GLEN_WAVERLEY (0.00 -> 0.08)                                             
Heyington -> Kooyong                      Heyington -> Kooyong                      BURNLEY.BURNLEY -> BURNLEY.GLEN_WAVERLEY (0.08 -> 0.17)                                             
Kooyong -> Tooronga                       Kooyong -> Tooronga                       BURNLEY.BURNLEY -> BURNLEY.GLEN_WAVERLEY (0.17 -> 0.25)                                             
Tooronga -> Gardiner                      Tooronga -> Gardiner                      BURNLEY.BURNLEY -> BURNLEY.GLEN_WAVERLEY (0.25 -> 0.33)                                             
Gardiner -> Glen Iris                     Gardiner -> Glen Iris                     BURNLEY.BURNLEY -> BURNLEY.GLEN_WAVERLEY (0.33 -> 0.42)                                             
Glen Iris -> Darling                      Glen Iris -> Darling                      BURNLEY.BURNLEY -> BURNLEY.GLEN_WAVERLEY (0.42 -> 0.50)                                             
Darling -> East Malvern                   Darling -> East Malvern                   BURNLEY.BURNLEY -> BURNLEY.GLEN_WAVERLEY (0.50 -> 0.58)                                             
East Malvern -> Holmesglen                East Malvern -> Holmesglen                BURNLEY.BURNLEY -> BURNLEY.GLEN_WAVERLEY (0.58 -> 0.67)                                             
Holmesglen -> Jordanville                 Holmesglen -> Jordanville                 BURNLEY.BURNLEY -> BURNLEY.GLEN_WAVERLEY (0.67 -> 0.75)                                             
Jordanville -> Mount Waverley             Jordanville -> Mount Waverley             BURNLEY.BURNLEY -> BURNLEY.GLEN_WAVERLEY (0.75 -> 0.83)                                             
Mount Waverley -> Syndal                  Mount Waverley -> Syndal                  BURNLEY.BURNLEY -> BURNLEY.GLEN_WAVERLEY (0.83 -> 0.92)                                             
Syndal -> Glen Waverley                   Syndal -> Glen Waverley                   BURNLEY.BURNLEY -> BURNLEY.GLEN_WAVERLEY (0.92 -> 1.00)                                             

----------------------------------------------------------------------------------------------------------------------------------------------------------------------------------------
HURSTBRIDGE
----------------------------------------------------------------------------------------------------------------------------------------------------------------------------------------
"The city" -> Jolimont                    Flinders Street -> Jolimont               CLIFTON_HILL.FLINDERS_STREET_DIRECT -> CLIFTON_HILL.JOLIMONT (0.00 -> 1.00)                         
                                          Flinders Street -> Southern Cross         CLIFTON_HILL.FLINDERS_STREET_LOOP -> CLIFTON_HILL.SOUTHERN_CROSS (0.00 -> 1.00)                     
                                          Southern Cross -> Flagstaff               CLIFTON_HILL.SOUTHERN_CROSS -> CLIFTON_HILL.FLAGSTAFF (0.00 -> 1.00)                                
                                          Flagstaff -> Melbourne Central            CLIFTON_HILL.FLAGSTAFF -> CLIFTON_HILL.MELBOURNE_CENTRAL (0.00 -> 1.00)                             
                                          Melbourne Central -> Parliament           CLIFTON_HILL.MELBOURNE_CENTRAL -> CLIFTON_HILL.PARLIAMENT (0.00 -> 1.00)                            
                                          Parliament -> Jolimont                    CLIFTON_HILL.PARLIAMENT -> CLIFTON_HILL.JOLIMONT (0.00 -> 1.00)                                     
Jolimont -> West Richmond                 Jolimont -> West Richmond                 CLIFTON_HILL.JOLIMONT -> CLIFTON_HILL.CLIFTON_HILL (0.00 -> 0.20)                                   
West Richmond -> North Richmond           West Richmond -> North Richmond           CLIFTON_HILL.JOLIMONT -> CLIFTON_HILL.CLIFTON_HILL (0.20 -> 0.40)                                   
North Richmond -> Collingwood             North Richmond -> Collingwood             CLIFTON_HILL.JOLIMONT -> CLIFTON_HILL.CLIFTON_HILL (0.40 -> 0.60)                                   
Collingwood -> Victoria Park              Collingwood -> Victoria Park              CLIFTON_HILL.JOLIMONT -> CLIFTON_HILL.CLIFTON_HILL (0.60 -> 0.80)                                   
Victoria Park -> Clifton Hill             Victoria Park -> Clifton Hill             CLIFTON_HILL.JOLIMONT -> CLIFTON_HILL.CLIFTON_HILL (0.80 -> 1.00)                                   
Clifton Hill -> Westgarth                 Clifton Hill -> Westgarth                 CLIFTON_HILL.CLIFTON_HILL -> CLIFTON_HILL.HURSTBRIDGE (0.00 -> 0.06)                                
Westgarth -> Dennis                       Westgarth -> Dennis                       CLIFTON_HILL.CLIFTON_HILL -> CLIFTON_HILL.HURSTBRIDGE (0.06 -> 0.12)                                
Dennis -> Fairfield                       Dennis -> Fairfield                       CLIFTON_HILL.CLIFTON_HILL -> CLIFTON_HILL.HURSTBRIDGE (0.12 -> 0.18)                                
Fairfield -> Alphington                   Fairfield -> Alphington                   CLIFTON_HILL.CLIFTON_HILL -> CLIFTON_HILL.HURSTBRIDGE (0.18 -> 0.24)                                
Alphington -> Darebin                     Alphington -> Darebin                     CLIFTON_HILL.CLIFTON_HILL -> CLIFTON_HILL.HURSTBRIDGE (0.24 -> 0.29)                                
Darebin -> Ivanhoe                        Darebin -> Ivanhoe                        CLIFTON_HILL.CLIFTON_HILL -> CLIFTON_HILL.HURSTBRIDGE (0.29 -> 0.35)                                
Ivanhoe -> Eaglemont                      Ivanhoe -> Eaglemont                      CLIFTON_HILL.CLIFTON_HILL -> CLIFTON_HILL.HURSTBRIDGE (0.35 -> 0.41)                                
Eaglemont -> Heidelberg                   Eaglemont -> Heidelberg                   CLIFTON_HILL.CLIFTON_HILL -> CLIFTON_HILL.HURSTBRIDGE (0.41 -> 0.47)                                
Heidelberg -> Rosanna                     Heidelberg -> Rosanna                     CLIFTON_HILL.CLIFTON_HILL -> CLIFTON_HILL.HURSTBRIDGE (0.47 -> 0.53)                                
Rosanna -> Macleod                        Rosanna -> Macleod                        CLIFTON_HILL.CLIFTON_HILL -> CLIFTON_HILL.HURSTBRIDGE (0.53 -> 0.59)                                
Macleod -> Watsonia                       Macleod -> Watsonia                       CLIFTON_HILL.CLIFTON_HILL -> CLIFTON_HILL.HURSTBRIDGE (0.59 -> 0.65)                                
Watsonia -> Greensborough                 Watsonia -> Greensborough                 CLIFTON_HILL.CLIFTON_HILL -> CLIFTON_HILL.HURSTBRIDGE (0.65 -> 0.71)                                
Greensborough -> Montmorency              Greensborough -> Montmorency              CLIFTON_HILL.CLIFTON_HILL -> CLIFTON_HILL.HURSTBRIDGE (0.71 -> 0.76)                                
Montmorency -> Eltham                     Montmorency -> Eltham                     CLIFTON_HILL.CLIFTON_HILL -> CLIFTON_HILL.HURSTBRIDGE (0.76 -> 0.82)                                
Eltham -> Diamond Creek                   Eltham -> Diamond Creek                   CLIFTON_HILL.CLIFTON_HILL -> CLIFTON_HILL.HURSTBRIDGE (0.82 -> 0.88)                                
Diamond Creek -> Wattle Glen              Diamond Creek -> Wattle Glen              CLIFTON_HILL.CLIFTON_HILL -> CLIFTON_HILL.HURSTBRIDGE (0.88 -> 0.94)                                
Wattle Glen -> Hurstbridge                Wattle Glen -> Hurstbridge                CLIFTON_HILL.CLIFTON_HILL -> CLIFTON_HILL.HURSTBRIDGE (0.94 -> 1.00)                                

----------------------------------------------------------------------------------------------------------------------------------------------------------------------------------------
LILYDALE
----------------------------------------------------------------------------------------------------------------------------------------------------------------------------------------
"The city" -> Richmond                    Flinders Street -> Richmond               BURNLEY.FLINDERS_STREET_DIRECT -> BURNLEY.RICHMOND (0.00 -> 1.00)                                   
                                          Flinders Street -> Southern Cross         BURNLEY.FLINDERS_STREET_LOOP -> BURNLEY.SOUTHERN_CROSS (0.00 -> 1.00)                               
                                          Southern Cross -> Flagstaff               BURNLEY.SOUTHERN_CROSS -> BURNLEY.FLAGSTAFF (0.00 -> 1.00)                                          
                                          Flagstaff -> Melbourne Central            BURNLEY.FLAGSTAFF -> BURNLEY.MELBOURNE_CENTRAL (0.00 -> 1.00)                                       
                                          Melbourne Central -> Parliament           BURNLEY.MELBOURNE_CENTRAL -> BURNLEY.PARLIAMENT (0.00 -> 1.00)                                      
                                          Parliament -> Richmond                    BURNLEY.PARLIAMENT -> BURNLEY.RICHMOND (0.00 -> 1.00)                                               
Richmond -> East Richmond                 Richmond -> East Richmond                 BURNLEY.RICHMOND -> BURNLEY.BURNLEY (0.00 -> 0.50)                                                  
East Richmond -> Burnley                  East Richmond -> Burnley                  BURNLEY.RICHMOND -> BURNLEY.BURNLEY (0.50 -> 1.00)                                                  
Burnley -> Hawthorn                       Burnley -> Hawthorn                       BURNLEY.BURNLEY -> BURNLEY.CAMBERWELL (0.00 -> 0.25)                                                
Hawthorn -> Glenferrie                    Hawthorn -> Glenferrie                    BURNLEY.BURNLEY -> BURNLEY.CAMBERWELL (0.25 -> 0.50)                                                
Glenferrie -> Auburn                      Glenferrie -> Auburn                      BURNLEY.BURNLEY -> BURNLEY.CAMBERWELL (0.50 -> 0.75)                                                
Auburn -> Camberwell                      Auburn -> Camberwell                      BURNLEY.BURNLEY -> BURNLEY.CAMBERWELL (0.75 -> 1.00)                                                
Camberwell -> East Camberwell             Camberwell -> East Camberwell             BURNLEY.CAMBERWELL -> BURNLEY.RINGWOOD (0.00 -> 0.09)                                               
East Camberwell -> Canterbury             East Camberwell -> Canterbury             BURNLEY.CAMBERWELL -> BURNLEY.RINGWOOD (0.09 -> 0.18)                                               
Canterbury -> Chatham                     Canterbury -> Chatham                     BURNLEY.CAMBERWELL -> BURNLEY.RINGWOOD (0.18 -> 0.27)                                               
Chatham -> Union                          Chatham -> Union                          BURNLEY.CAMBERWELL -> BURNLEY.RINGWOOD (0.27 -> 0.36)                                               
Union -> Box Hill                         Union -> Box Hill                         BURNLEY.CAMBERWELL -> BURNLEY.RINGWOOD (0.36 -> 0.45)                                               
Box Hill -> Laburnum                      Box Hill -> Laburnum                      BURNLEY.CAMBERWELL -> BURNLEY.RINGWOOD (0.45 -> 0.55)                                               
Laburnum -> Blackburn                     Laburnum -> Blackburn                     BURNLEY.CAMBERWELL -> BURNLEY.RINGWOOD (0.55 -> 0.64)                                               
Blackburn -> Nunawading                   Blackburn -> Nunawading                   BURNLEY.CAMBERWELL -> BURNLEY.RINGWOOD (0.64 -> 0.73)                                               
Nunawading -> Mitcham                     Nunawading -> Mitcham                     BURNLEY.CAMBERWELL -> BURNLEY.RINGWOOD (0.73 -> 0.82)                                               
Mitcham -> Heatherdale                    Mitcham -> Heatherdale                    BURNLEY.CAMBERWELL -> BURNLEY.RINGWOOD (0.82 -> 0.91)                                               
Heatherdale -> Ringwood                   Heatherdale -> Ringwood                   BURNLEY.CAMBERWELL -> BURNLEY.RINGWOOD (0.91 -> 1.00)                                               
Ringwood -> Ringwood East                 Ringwood -> Ringwood East                 BURNLEY.RINGWOOD -> BURNLEY.LILYDALE (0.00 -> 0.25)                                                 
Ringwood East -> Croydon                  Ringwood East -> Croydon                  BURNLEY.RINGWOOD -> BURNLEY.LILYDALE (0.25 -> 0.50)                                                 
Croydon -> Mooroolbark                    Croydon -> Mooroolbark                    BURNLEY.RINGWOOD -> BURNLEY.LILYDALE (0.50 -> 0.75)                                                 
Mooroolbark -> Lilydale                   Mooroolbark -> Lilydale                   BURNLEY.RINGWOOD -> BURNLEY.LILYDALE (0.75 -> 1.00)                                                 

----------------------------------------------------------------------------------------------------------------------------------------------------------------------------------------
MERNDA
----------------------------------------------------------------------------------------------------------------------------------------------------------------------------------------
"The city" -> Jolimont                    Flinders Street -> Jolimont               CLIFTON_HILL.FLINDERS_STREET_DIRECT -> CLIFTON_HILL.JOLIMONT (0.00 -> 1.00)                         
                                          Flinders Street -> Southern Cross         CLIFTON_HILL.FLINDERS_STREET_LOOP -> CLIFTON_HILL.SOUTHERN_CROSS (0.00 -> 1.00)                     
                                          Southern Cross -> Flagstaff               CLIFTON_HILL.SOUTHERN_CROSS -> CLIFTON_HILL.FLAGSTAFF (0.00 -> 1.00)                                
                                          Flagstaff -> Melbourne Central            CLIFTON_HILL.FLAGSTAFF -> CLIFTON_HILL.MELBOURNE_CENTRAL (0.00 -> 1.00)                             
                                          Melbourne Central -> Parliament           CLIFTON_HILL.MELBOURNE_CENTRAL -> CLIFTON_HILL.PARLIAMENT (0.00 -> 1.00)                            
                                          Parliament -> Jolimont                    CLIFTON_HILL.PARLIAMENT -> CLIFTON_HILL.JOLIMONT (0.00 -> 1.00)                                     
Jolimont -> West Richmond                 Jolimont -> West Richmond                 CLIFTON_HILL.JOLIMONT -> CLIFTON_HILL.CLIFTON_HILL (0.00 -> 0.20)                                   
West Richmond -> North Richmond           West Richmond -> North Richmond           CLIFTON_HILL.JOLIMONT -> CLIFTON_HILL.CLIFTON_HILL (0.20 -> 0.40)                                   
North Richmond -> Collingwood             North Richmond -> Collingwood             CLIFTON_HILL.JOLIMONT -> CLIFTON_HILL.CLIFTON_HILL (0.40 -> 0.60)                                   
Collingwood -> Victoria Park              Collingwood -> Victoria Park              CLIFTON_HILL.JOLIMONT -> CLIFTON_HILL.CLIFTON_HILL (0.60 -> 0.80)                                   
Victoria Park -> Clifton Hill             Victoria Park -> Clifton Hill             CLIFTON_HILL.JOLIMONT -> CLIFTON_HILL.CLIFTON_HILL (0.80 -> 1.00)                                   
Clifton Hill -> Rushall                   Clifton Hill -> Rushall                   CLIFTON_HILL.CLIFTON_HILL -> CLIFTON_HILL.MERNDA (0.00 -> 0.06)                                     
Rushall -> Merri                          Rushall -> Merri                          CLIFTON_HILL.CLIFTON_HILL -> CLIFTON_HILL.MERNDA (0.06 -> 0.11)                                     
Merri -> Northcote                        Merri -> Northcote                        CLIFTON_HILL.CLIFTON_HILL -> CLIFTON_HILL.MERNDA (0.11 -> 0.17)                                     
Northcote -> Croxton                      Northcote -> Croxton                      CLIFTON_HILL.CLIFTON_HILL -> CLIFTON_HILL.MERNDA (0.17 -> 0.22)                                     
Croxton -> Thornbury                      Croxton -> Thornbury                      CLIFTON_HILL.CLIFTON_HILL -> CLIFTON_HILL.MERNDA (0.22 -> 0.28)                                     
Thornbury -> Bell                         Thornbury -> Bell                         CLIFTON_HILL.CLIFTON_HILL -> CLIFTON_HILL.MERNDA (0.28 -> 0.33)                                     
Bell -> Preston                           Bell -> Preston                           CLIFTON_HILL.CLIFTON_HILL -> CLIFTON_HILL.MERNDA (0.33 -> 0.39)                                     
Preston -> Regent                         Preston -> Regent                         CLIFTON_HILL.CLIFTON_HILL -> CLIFTON_HILL.MERNDA (0.39 -> 0.44)                                     
Regent -> Reservoir                       Regent -> Reservoir                       CLIFTON_HILL.CLIFTON_HILL -> CLIFTON_HILL.MERNDA (0.44 -> 0.50)                                     
Reservoir -> Ruthven                      Reservoir -> Ruthven                      CLIFTON_HILL.CLIFTON_HILL -> CLIFTON_HILL.MERNDA (0.50 -> 0.56)                                     
Ruthven -> Keon Park                      Ruthven -> Keon Park                      CLIFTON_HILL.CLIFTON_HILL -> CLIFTON_HILL.MERNDA (0.56 -> 0.61)                                     
Keon Park -> Thomastown                   Keon Park -> Thomastown                   CLIFTON_HILL.CLIFTON_HILL -> CLIFTON_HILL.MERNDA (0.61 -> 0.67)                                     
Thomastown -> Lalor                       Thomastown -> Lalor                       CLIFTON_HILL.CLIFTON_HILL -> CLIFTON_HILL.MERNDA (0.67 -> 0.72)                                     
Lalor -> Epping                           Lalor -> Epping                           CLIFTON_HILL.CLIFTON_HILL -> CLIFTON_HILL.MERNDA (0.72 -> 0.78)                                     
Epping -> South Morang                    Epping -> South Morang                    CLIFTON_HILL.CLIFTON_HILL -> CLIFTON_HILL.MERNDA (0.78 -> 0.83)                                     
South Morang -> Middle Gorge              South Morang -> Middle Gorge              CLIFTON_HILL.CLIFTON_HILL -> CLIFTON_HILL.MERNDA (0.83 -> 0.89)                                     
Middle Gorge -> Hawkstowe                 Middle Gorge -> Hawkstowe                 CLIFTON_HILL.CLIFTON_HILL -> CLIFTON_HILL.MERNDA (0.89 -> 0.94)                                     
Hawkstowe -> Mernda                       Hawkstowe -> Mernda                       CLIFTON_HILL.CLIFTON_HILL -> CLIFTON_HILL.MERNDA (0.94 -> 1.00)                                     

----------------------------------------------------------------------------------------------------------------------------------------------------------------------------------------
PAKENHAM
----------------------------------------------------------------------------------------------------------------------------------------------------------------------------------------
"The city" -> Richmond                    Flinders Street -> Richmond               DANDENONG.FLINDERS_STREET_DIRECT -> DANDENONG.RICHMOND (0.00 -> 1.00)                               
                                          Flinders Street -> Southern Cross         DANDENONG.FLINDERS_STREET_LOOP -> DANDENONG.SOUTHERN_CROSS (0.00 -> 1.00)                           
                                          Southern Cross -> Flagstaff               DANDENONG.SOUTHERN_CROSS -> DANDENONG.FLAGSTAFF (0.00 -> 1.00)                                      
                                          Flagstaff -> Melbourne Central            DANDENONG.FLAGSTAFF -> DANDENONG.MELBOURNE_CENTRAL (0.00 -> 1.00)                                   
                                          Melbourne Central -> Parliament           DANDENONG.MELBOURNE_CENTRAL -> DANDENONG.PARLIAMENT (0.00 -> 1.00)                                  
                                          Parliament -> Richmond                    DANDENONG.PARLIAMENT -> DANDENONG.RICHMOND (0.00 -> 1.00)                                           
Richmond -> South Yarra                   Richmond -> South Yarra                   DANDENONG.RICHMOND -> DANDENONG.SOUTH_YARRA (0.00 -> 1.00)                                          
South Yarra -> Caulfield                  South Yarra -> Caulfield                  DANDENONG.SOUTH_YARRA -> DANDENONG.CAULFIELD (0.00 -> 1.00)                                         
Caulfield -> Carnegie                     Caulfield -> Carnegie                     DANDENONG.CAULFIELD -> DANDENONG.CLAYTON (0.00 -> 0.17)                                             
Carnegie -> Murrumbeena                   Carnegie -> Murrumbeena                   DANDENONG.CAULFIELD -> DANDENONG.CLAYTON (0.17 -> 0.33)                                             
Murrumbeena -> Hughesdale                 Murrumbeena -> Hughesdale                 DANDENONG.CAULFIELD -> DANDENONG.CLAYTON (0.33 -> 0.50)                                             
Hughesdale -> Oakleigh                    Hughesdale -> Oakleigh                    DANDENONG.CAULFIELD -> DANDENONG.CLAYTON (0.50 -> 0.67)                                             
Oakleigh -> Huntingdale                   Oakleigh -> Huntingdale                   DANDENONG.CAULFIELD -> DANDENONG.CLAYTON (0.67 -> 0.83)                                             
Huntingdale -> Clayton                    Huntingdale -> Clayton                    DANDENONG.CAULFIELD -> DANDENONG.CLAYTON (0.83 -> 1.00)                                             
Clayton -> Westall                        Clayton -> Westall                        DANDENONG.CLAYTON -> DANDENONG.DANDENONG (0.00 -> 0.17)                                             
Westall -> Springvale                     Westall -> Springvale                     DANDENONG.CLAYTON -> DANDENONG.DANDENONG (0.17 -> 0.33)                                             
Springvale -> Sandown Park                Springvale -> Sandown Park                DANDENONG.CLAYTON -> DANDENONG.DANDENONG (0.33 -> 0.50)                                             
Sandown Park -> Noble Park                Sandown Park -> Noble Park                DANDENONG.CLAYTON -> DANDENONG.DANDENONG (0.50 -> 0.67)                                             
Noble Park -> Yarraman                    Noble Park -> Yarraman                    DANDENONG.CLAYTON -> DANDENONG.DANDENONG (0.67 -> 0.83)                                             
Yarraman -> Dandenong                     Yarraman -> Dandenong                     DANDENONG.CLAYTON -> DANDENONG.DANDENONG (0.83 -> 1.00)                                             
Dandenong -> Hallam                       Dandenong -> Hallam                       DANDENONG.DANDENONG -> DANDENONG.PAKENHAM (0.00 -> 0.14)                                            
Hallam -> Narre Warren                    Hallam -> Narre Warren                    DANDENONG.DANDENONG -> DANDENONG.PAKENHAM (0.14 -> 0.29)                                            
Narre Warren -> Berwick                   Narre Warren -> Berwick                   DANDENONG.DANDENONG -> DANDENONG.PAKENHAM (0.29 -> 0.43)                                            
Berwick -> Beaconsfield                   Berwick -> Beaconsfield                   DANDENONG.DANDENONG -> DANDENONG.PAKENHAM (0.43 -> 0.57)                                            
Beaconsfield -> Officer                   Beaconsfield -> Officer                   DANDENONG.DANDENONG -> DANDENONG.PAKENHAM (0.57 -> 0.71)                                            
Officer -> Cardinia Road                  Officer -> Cardinia Road                  DANDENONG.DANDENONG -> DANDENONG.PAKENHAM (0.71 -> 0.86)                                            
Cardinia Road -> Pakenham                 Cardinia Road -> Pakenham                 DANDENONG.DANDENONG -> DANDENONG.PAKENHAM (0.86 -> 1.00)                                            
Pakenham -> East Pakenham                 Pakenham -> East Pakenham                 DANDENONG.PAKENHAM -> DANDENONG.EAST_PAKENHAM (0.00 -> 1.00)                                        

----------------------------------------------------------------------------------------------------------------------------------------------------------------------------------------
SANDRINGHAM
----------------------------------------------------------------------------------------------------------------------------------------------------------------------------------------
Flinders Street -> Richmond               Flinders Street -> Richmond               SANDRINGHAM.FLINDERS_STREET -> SANDRINGHAM.RICHMOND (0.00 -> 1.00)                                  
Richmond -> South Yarra                   Richmond -> South Yarra                   SANDRINGHAM.RICHMOND -> SANDRINGHAM.SOUTH_YARRA (0.00 -> 1.00)                                      
South Yarra -> Prahran                    South Yarra -> Prahran                    SANDRINGHAM.SOUTH_YARRA -> SANDRINGHAM.SANDRINGHAM (0.00 -> 0.09)                                   
Prahran -> Windsor                        Prahran -> Windsor                        SANDRINGHAM.SOUTH_YARRA -> SANDRINGHAM.SANDRINGHAM (0.09 -> 0.18)                                   
Windsor -> Balaclava                      Windsor -> Balaclava                      SANDRINGHAM.SOUTH_YARRA -> SANDRINGHAM.SANDRINGHAM (0.18 -> 0.27)                                   
Balaclava -> Ripponlea                    Balaclava -> Ripponlea                    SANDRINGHAM.SOUTH_YARRA -> SANDRINGHAM.SANDRINGHAM (0.27 -> 0.36)                                   
Ripponlea -> Elsternwick                  Ripponlea -> Elsternwick                  SANDRINGHAM.SOUTH_YARRA -> SANDRINGHAM.SANDRINGHAM (0.36 -> 0.45)                                   
Elsternwick -> Gardenvale                 Elsternwick -> Gardenvale                 SANDRINGHAM.SOUTH_YARRA -> SANDRINGHAM.SANDRINGHAM (0.45 -> 0.55)                                   
Gardenvale -> North Brighton              Gardenvale -> North Brighton              SANDRINGHAM.SOUTH_YARRA -> SANDRINGHAM.SANDRINGHAM (0.55 -> 0.64)                                   
North Brighton -> Middle Brighton         North Brighton -> Middle Brighton         SANDRINGHAM.SOUTH_YARRA -> SANDRINGHAM.SANDRINGHAM (0.64 -> 0.73)                                   
Middle Brighton -> Brighton Beach         Middle Brighton -> Brighton Beach         SANDRINGHAM.SOUTH_YARRA -> SANDRINGHAM.SANDRINGHAM (0.73 -> 0.82)                                   
Brighton Beach -> Hampton                 Brighton Beach -> Hampton                 SANDRINGHAM.SOUTH_YARRA -> SANDRINGHAM.SANDRINGHAM (0.82 -> 0.91)                                   
Hampton -> Sandringham                    Hampton -> Sandringham                    SANDRINGHAM.SOUTH_YARRA -> SANDRINGHAM.SANDRINGHAM (0.91 -> 1.00)                                   

----------------------------------------------------------------------------------------------------------------------------------------------------------------------------------------
SEYMOUR
----------------------------------------------------------------------------------------------------------------------------------------------------------------------------------------
Southern Cross -> North Melbourne         Southern Cross -> Donnybrook              REGIONAL_WESTERN.SOUTHERN_CROSS -> REGIONAL_WESTERN.NORTH_MELBOURNE_JUNCTION (0.00 -> 1.00)         
                                                                                    REGIONAL_WESTERN.NORTH_MELBOURNE_JUNCTION -> REGIONAL_WESTERN.NORTH_MELBOURNE_SEYMOUR (0.00 -> 1.00)
North Melbourne -> Broadmeadows           Southern Cross -> Donnybrook              REGIONAL_WESTERN.NORTH_MELBOURNE_SEYMOUR -> REGIONAL_WESTERN.BROADMEADOWS (0.00 -> 1.00)            
                                          North Melbourne -> Donnybrook                                                                                                                 
Broadmeadows -> Craigieburn               Southern Cross -> Donnybrook              REGIONAL_WESTERN.BROADMEADOWS -> REGIONAL_WESTERN.CRAIGIEBURN (0.00 -> 1.00)                        
                                          North Melbourne -> Donnybrook                                                                                                                 
                                          Broadmeadows -> Donnybrook                                                                                                                    
Craigieburn -> Donnybrook                 Southern Cross -> Donnybrook              REGIONAL_WESTERN.CRAIGIEBURN -> REGIONAL_WESTERN.SEYMOUR (0.00 -> 0.13)                             
                                          North Melbourne -> Donnybrook                                                                                                                 
                                          Broadmeadows -> Donnybrook                                                                                                                    
                                          Craigieburn -> Donnybrook                                                                                                                     
Donnybrook -> Wallan                      Donnybrook -> Wallan                      REGIONAL_WESTERN.CRAIGIEBURN -> REGIONAL_WESTERN.SEYMOUR (0.13 -> 0.25)                             
Wallan -> Heathcote Junction              Wallan -> Heathcote Junction              REGIONAL_WESTERN.CRAIGIEBURN -> REGIONAL_WESTERN.SEYMOUR (0.25 -> 0.38)                             
Heathcote Junction -> Wandong             Heathcote Junction -> Wandong             REGIONAL_WESTERN.CRAIGIEBURN -> REGIONAL_WESTERN.SEYMOUR (0.38 -> 0.50)                             
Wandong -> Kilmore East                   Wandong -> Kilmore East                   REGIONAL_WESTERN.CRAIGIEBURN -> REGIONAL_WESTERN.SEYMOUR (0.50 -> 0.63)                             
Kilmore East -> Broadford                 Kilmore East -> Broadford                 REGIONAL_WESTERN.CRAIGIEBURN -> REGIONAL_WESTERN.SEYMOUR (0.63 -> 0.75)                             
Broadford -> Tallarook                    Broadford -> Tallarook                    REGIONAL_WESTERN.CRAIGIEBURN -> REGIONAL_WESTERN.SEYMOUR (0.75 -> 0.88)                             
Tallarook -> Seymour                      Tallarook -> Seymour                      REGIONAL_WESTERN.CRAIGIEBURN -> REGIONAL_WESTERN.SEYMOUR (0.88 -> 1.00)                             
Seymour -> Avenel                         Seymour -> Avenel                         REGIONAL_WESTERN.SEYMOUR -> REGIONAL_WESTERN.ALBURY (0.00 -> 0.11)                                  
Avenel -> Euroa                           Avenel -> Euroa                           REGIONAL_WESTERN.SEYMOUR -> REGIONAL_WESTERN.ALBURY (0.11 -> 0.22)                                  
Euroa -> Violet Town                      Euroa -> Violet Town                      REGIONAL_WESTERN.SEYMOUR -> REGIONAL_WESTERN.ALBURY (0.22 -> 0.33)                                  
Violet Town -> Benalla                    Violet Town -> Benalla                    REGIONAL_WESTERN.SEYMOUR -> REGIONAL_WESTERN.ALBURY (0.33 -> 0.44)                                  
Benalla -> Wangaratta                     Benalla -> Wangaratta                     REGIONAL_WESTERN.SEYMOUR -> REGIONAL_WESTERN.ALBURY (0.44 -> 0.56)                                  
Wangaratta -> Springhurst                 Wangaratta -> Springhurst                 REGIONAL_WESTERN.SEYMOUR -> REGIONAL_WESTERN.ALBURY (0.56 -> 0.67)                                  
Springhurst -> Chiltern                   Springhurst -> Chiltern                   REGIONAL_WESTERN.SEYMOUR -> REGIONAL_WESTERN.ALBURY (0.67 -> 0.78)                                  
Chiltern -> Wodonga                       Chiltern -> Wodonga                       REGIONAL_WESTERN.SEYMOUR -> REGIONAL_WESTERN.ALBURY (0.78 -> 0.89)                                  
Wodonga -> Albury                         Wodonga -> Albury                         REGIONAL_WESTERN.SEYMOUR -> REGIONAL_WESTERN.ALBURY (0.89 -> 1.00)                                  
Seymour -> Nagambie                       Seymour -> Nagambie                       REGIONAL_WESTERN.SEYMOUR -> REGIONAL_WESTERN.SHEPPARTON (0.00 -> 0.25)                              
Nagambie -> Murchison East                Nagambie -> Murchison East                REGIONAL_WESTERN.SEYMOUR -> REGIONAL_WESTERN.SHEPPARTON (0.25 -> 0.50)                              
Murchison East -> Mooroopna               Murchison East -> Mooroopna               REGIONAL_WESTERN.SEYMOUR -> REGIONAL_WESTERN.SHEPPARTON (0.50 -> 0.75)                              
Mooroopna -> Shepparton                   Mooroopna -> Shepparton                   REGIONAL_WESTERN.SEYMOUR -> REGIONAL_WESTERN.SHEPPARTON (0.75 -> 1.00)                              

----------------------------------------------------------------------------------------------------------------------------------------------------------------------------------------
STONY POINT
----------------------------------------------------------------------------------------------------------------------------------------------------------------------------------------
Frankston -> Leawarra                     Frankston -> Leawarra                     STONY_POINT.FRANKSTON -> STONY_POINT.STONY_POINT (0.00 -> 0.11)                                     
Leawarra -> Baxter                        Leawarra -> Baxter                        STONY_POINT.FRANKSTON -> STONY_POINT.STONY_POINT (0.11 -> 0.22)                                     
Baxter -> Somerville                      Baxter -> Somerville                      STONY_POINT.FRANKSTON -> STONY_POINT.STONY_POINT (0.22 -> 0.33)                                     
Somerville -> Tyabb                       Somerville -> Tyabb                       STONY_POINT.FRANKSTON -> STONY_POINT.STONY_POINT (0.33 -> 0.44)                                     
Tyabb -> Hastings                         Tyabb -> Hastings                         STONY_POINT.FRANKSTON -> STONY_POINT.STONY_POINT (0.44 -> 0.56)                                     
Hastings -> Bittern                       Hastings -> Bittern                       STONY_POINT.FRANKSTON -> STONY_POINT.STONY_POINT (0.56 -> 0.67)                                     
Bittern -> Morradoo                       Bittern -> Morradoo                       STONY_POINT.FRANKSTON -> STONY_POINT.STONY_POINT (0.67 -> 0.78)                                     
Morradoo -> Crib Point                    Morradoo -> Crib Point                    STONY_POINT.FRANKSTON -> STONY_POINT.STONY_POINT (0.78 -> 0.89)                                     
Crib Point -> Stony Point                 Crib Point -> Stony Point                 STONY_POINT.FRANKSTON -> STONY_POINT.STONY_POINT (0.89 -> 1.00)                                     

----------------------------------------------------------------------------------------------------------------------------------------------------------------------------------------
SUNBURY
----------------------------------------------------------------------------------------------------------------------------------------------------------------------------------------
"The city" -> North Melbourne             Flinders Street -> Southern Cross         NORTHERN.FLINDERS_STREET_DIRECT -> NORTHERN.SOUTHERN_CROSS (0.00 -> 1.00)                           
                                          Southern Cross -> North Melbourne         NORTHERN.SOUTHERN_CROSS -> NORTHERN.NORTH_MELBOURNE (0.00 -> 1.00)                                  
                                          Flinders Street -> Parliament             NORTHERN.FLAGSTAFF -> NORTHERN.NORTH_MELBOURNE (0.00 -> 1.00)                                       
                                          Parliament -> Melbourne Central           NORTHERN.MELBOURNE_CENTRAL -> NORTHERN.FLAGSTAFF (0.00 -> 1.00)                                     
                                          Melbourne Central -> Flagstaff            NORTHERN.PARLIAMENT -> NORTHERN.MELBOURNE_CENTRAL (0.00 -> 1.00)                                    
                                          Flagstaff -> North Melbourne              NORTHERN.FLINDERS_STREET_LOOP -> NORTHERN.PARLIAMENT (0.00 -> 1.00)                                 
North Melbourne -> Footscray              North Melbourne -> Footscray              NORTHERN.NORTH_MELBOURNE -> NORTHERN.FOOTSCRAY (0.00 -> 1.00)                                       
Footscray -> Middle Footscray             Footscray -> Middle Footscray             NORTHERN.FOOTSCRAY -> NORTHERN.SUNSHINE_JUNCTION (0.00 -> 0.25)                                     
Middle Footscray -> West Footscray        Middle Footscray -> West Footscray        NORTHERN.FOOTSCRAY -> NORTHERN.SUNSHINE_JUNCTION (0.25 -> 0.50)                                     
West Footscray -> Tottenham               West Footscray -> Tottenham               NORTHERN.FOOTSCRAY -> NORTHERN.SUNSHINE_JUNCTION (0.50 -> 0.75)                                     
Tottenham -> Sunshine                     Tottenham -> Sunshine                     NORTHERN.FOOTSCRAY -> NORTHERN.SUNSHINE_JUNCTION (0.75 -> 1.00)                                     
                                                                                    NORTHERN.SUNSHINE_JUNCTION -> NORTHERN.SUNSHINE (0.00 -> 1.00)                                      
Sunshine -> Albion                        Sunshine -> Albion                        NORTHERN.SUNSHINE -> NORTHERN.WATERGARDENS (0.00 -> 0.20)                                           
Albion -> Ginifer                         Albion -> Ginifer                         NORTHERN.SUNSHINE -> NORTHERN.WATERGARDENS (0.20 -> 0.40)                                           
Ginifer -> St Albans                      Ginifer -> St Albans                      NORTHERN.SUNSHINE -> NORTHERN.WATERGARDENS (0.40 -> 0.60)                                           
St Albans -> Keilor Plains                St Albans -> Keilor Plains                NORTHERN.SUNSHINE -> NORTHERN.WATERGARDENS (0.60 -> 0.80)                                           
Keilor Plains -> Watergardens             Keilor Plains -> Watergardens             NORTHERN.SUNSHINE -> NORTHERN.WATERGARDENS (0.80 -> 1.00)                                           
Watergardens -> Diggers Rest              Watergardens -> Diggers Rest              NORTHERN.WATERGARDENS -> NORTHERN.SUNBURY (0.00 -> 0.50)                                            
Diggers Rest -> Sunbury                   Diggers Rest -> Sunbury                   NORTHERN.WATERGARDENS -> NORTHERN.SUNBURY (0.50 -> 1.00)                                            

----------------------------------------------------------------------------------------------------------------------------------------------------------------------------------------
UPFIELD
----------------------------------------------------------------------------------------------------------------------------------------------------------------------------------------
"The city" -> North Melbourne             Flinders Street -> Southern Cross         NORTHERN.FLINDERS_STREET_DIRECT -> NORTHERN.SOUTHERN_CROSS (0.00 -> 1.00)                           
                                          Southern Cross -> North Melbourne         NORTHERN.SOUTHERN_CROSS -> NORTHERN.NORTH_MELBOURNE (0.00 -> 1.00)                                  
                                          Flinders Street -> Parliament             NORTHERN.FLAGSTAFF -> NORTHERN.NORTH_MELBOURNE (0.00 -> 1.00)                                       
                                          Parliament -> Melbourne Central           NORTHERN.MELBOURNE_CENTRAL -> NORTHERN.FLAGSTAFF (0.00 -> 1.00)                                     
                                          Melbourne Central -> Flagstaff            NORTHERN.PARLIAMENT -> NORTHERN.MELBOURNE_CENTRAL (0.00 -> 1.00)                                    
                                          Flagstaff -> North Melbourne              NORTHERN.FLINDERS_STREET_LOOP -> NORTHERN.PARLIAMENT (0.00 -> 1.00)                                 
North Melbourne -> Macaulay               North Melbourne -> Macaulay               NORTHERN.NORTH_MELBOURNE -> NORTHERN.UPFIELD (0.00 -> 0.08)                                         
Macaulay -> Flemington Bridge             Macaulay -> Flemington Bridge             NORTHERN.NORTH_MELBOURNE -> NORTHERN.UPFIELD (0.08 -> 0.15)                                         
Flemington Bridge -> Royal Park           Flemington Bridge -> Royal Park           NORTHERN.NORTH_MELBOURNE -> NORTHERN.UPFIELD (0.15 -> 0.23)                                         
Royal Park -> Jewell                      Royal Park -> Jewell                      NORTHERN.NORTH_MELBOURNE -> NORTHERN.UPFIELD (0.23 -> 0.31)                                         
Jewell -> Brunswick                       Jewell -> Brunswick                       NORTHERN.NORTH_MELBOURNE -> NORTHERN.UPFIELD (0.31 -> 0.38)                                         
Brunswick -> Anstey                       Brunswick -> Anstey                       NORTHERN.NORTH_MELBOURNE -> NORTHERN.UPFIELD (0.38 -> 0.46)                                         
Anstey -> Moreland                        Anstey -> Moreland                        NORTHERN.NORTH_MELBOURNE -> NORTHERN.UPFIELD (0.46 -> 0.54)                                         
Moreland -> Coburg                        Moreland -> Coburg                        NORTHERN.NORTH_MELBOURNE -> NORTHERN.UPFIELD (0.54 -> 0.62)                                         
Coburg -> Batman                          Coburg -> Batman                          NORTHERN.NORTH_MELBOURNE -> NORTHERN.UPFIELD (0.62 -> 0.69)                                         
Batman -> Merlynston                      Batman -> Merlynston                      NORTHERN.NORTH_MELBOURNE -> NORTHERN.UPFIELD (0.69 -> 0.77)                                         
Merlynston -> Fawkner                     Merlynston -> Fawkner                     NORTHERN.NORTH_MELBOURNE -> NORTHERN.UPFIELD (0.77 -> 0.85)                                         
Fawkner -> Gowrie                         Fawkner -> Gowrie                         NORTHERN.NORTH_MELBOURNE -> NORTHERN.UPFIELD (0.85 -> 0.92)                                         
Gowrie -> Upfield                         Gowrie -> Upfield                         NORTHERN.NORTH_MELBOURNE -> NORTHERN.UPFIELD (0.92 -> 1.00)                                         

----------------------------------------------------------------------------------------------------------------------------------------------------------------------------------------
WERRIBEE
----------------------------------------------------------------------------------------------------------------------------------------------------------------------------------------
Flinders Street -> Southern Cross         Flinders Street -> Southern Cross         NEWPORT.FLINDERS_STREET -> NEWPORT.SOUTHERN_CROSS (0.00 -> 1.00)                                    
Southern Cross -> North Melbourne         Southern Cross -> North Melbourne         NEWPORT.SOUTHERN_CROSS -> NEWPORT.NORTH_MELBOURNE (0.00 -> 1.00)                                    
North Melbourne -> South Kensington       North Melbourne -> South Kensington       NEWPORT.NORTH_MELBOURNE -> NEWPORT.FOOTSCRAY (0.00 -> 0.50)                                         
South Kensington -> Footscray             South Kensington -> Footscray             NEWPORT.NORTH_MELBOURNE -> NEWPORT.FOOTSCRAY (0.50 -> 1.00)                                         
Footscray -> Seddon                       Footscray -> Seddon                       NEWPORT.FOOTSCRAY -> NEWPORT.NEWPORT (0.00 -> 0.25)                                                 
Seddon -> Yarraville                      Seddon -> Yarraville                      NEWPORT.FOOTSCRAY -> NEWPORT.NEWPORT (0.25 -> 0.50)                                                 
Yarraville -> Spotswood                   Yarraville -> Spotswood                   NEWPORT.FOOTSCRAY -> NEWPORT.NEWPORT (0.50 -> 0.75)                                                 
Spotswood -> Newport                      Spotswood -> Newport                      NEWPORT.FOOTSCRAY -> NEWPORT.NEWPORT (0.75 -> 1.00)                                                 
Newport -> Laverton                       Newport -> Seaholme                       NEWPORT.NEWPORT -> NEWPORT.LAVERTON_LOOP (0.00 -> 1.00)                                             
                                          Seaholme -> Altona                        NEWPORT.NEWPORT -> NEWPORT.LAVERTON_EXPRESS (0.00 -> 1.00)                                          
                                          Altona -> Westona                                                                                                                             
                                          Westona -> Laverton                                                                                                                           
                                          Newport -> Laverton                                                                                                                           
Laverton -> Aircraft                      Laverton -> Aircraft                      NEWPORT.LAVERTON_LOOP -> NEWPORT.WERRIBEE (0.00 -> 0.25)                                            
Aircraft -> Williams Landing              Aircraft -> Williams Landing              NEWPORT.LAVERTON_LOOP -> NEWPORT.WERRIBEE (0.25 -> 0.50)                                            
Williams Landing -> Hoppers Crossing      Williams Landing -> Hoppers Crossing      NEWPORT.LAVERTON_LOOP -> NEWPORT.WERRIBEE (0.50 -> 0.75)                                            
Hoppers Crossing -> Werribee              Hoppers Crossing -> Werribee              NEWPORT.LAVERTON_LOOP -> NEWPORT.WERRIBEE (0.75 -> 1.00)                                            

----------------------------------------------------------------------------------------------------------------------------------------------------------------------------------------
WILLIAMSTOWN
----------------------------------------------------------------------------------------------------------------------------------------------------------------------------------------
Flinders Street -> Southern Cross         Flinders Street -> Southern Cross         NEWPORT.FLINDERS_STREET -> NEWPORT.SOUTHERN_CROSS (0.00 -> 1.00)                                    
Southern Cross -> North Melbourne         Southern Cross -> North Melbourne         NEWPORT.SOUTHERN_CROSS -> NEWPORT.NORTH_MELBOURNE (0.00 -> 1.00)                                    
North Melbourne -> South Kensington       North Melbourne -> South Kensington       NEWPORT.NORTH_MELBOURNE -> NEWPORT.FOOTSCRAY (0.00 -> 0.50)                                         
South Kensington -> Footscray             South Kensington -> Footscray             NEWPORT.NORTH_MELBOURNE -> NEWPORT.FOOTSCRAY (0.50 -> 1.00)                                         
Footscray -> Seddon                       Footscray -> Seddon                       NEWPORT.FOOTSCRAY -> NEWPORT.NEWPORT (0.00 -> 0.25)                                                 
Seddon -> Yarraville                      Seddon -> Yarraville                      NEWPORT.FOOTSCRAY -> NEWPORT.NEWPORT (0.25 -> 0.50)                                                 
Yarraville -> Spotswood                   Yarraville -> Spotswood                   NEWPORT.FOOTSCRAY -> NEWPORT.NEWPORT (0.50 -> 0.75)                                                 
Spotswood -> Newport                      Spotswood -> Newport                      NEWPORT.FOOTSCRAY -> NEWPORT.NEWPORT (0.75 -> 1.00)                                                 
Newport -> North Williamstown             Newport -> North Williamstown             NEWPORT.NEWPORT -> NEWPORT.WILLIAMSTOWN (0.00 -> 0.33)                                              
North Williamstown -> Williamstown Beach  North Williamstown -> Williamstown Beach  NEWPORT.NEWPORT -> NEWPORT.WILLIAMSTOWN (0.33 -> 0.67)                                              
Williamstown Beach -> Williamstown        Williamstown Beach -> Williamstown        NEWPORT.NEWPORT -> NEWPORT.WILLIAMSTOWN (0.67 -> 1.00)                                              


"
`;
